###############################################################################
#
# IAR ELF Linker V8.32.1.169/W32 for ARM                  13/Mar/2025  16:38:28
# Copyright 2007-2018 IAR Systems AB.
#
#    Output file  =  
#        D:\stm32_workspace\env_management\EWARM\env_management\Exe\env_management.out
#    Map file     =  
#        D:\stm32_workspace\env_management\EWARM\env_management\List\env_management.map
#    Command line =  
#        -f D:\Lexington\TMP\EWB9EE.tmp
#        (D:\stm32_workspace\env_management\EWARM\env_management\Obj\actor.o
#        D:\stm32_workspace\env_management\EWARM\env_management\Obj\dfsdm.o
#        D:\stm32_workspace\env_management\EWARM\env_management\Obj\fifo.o
#        D:\stm32_workspace\env_management\EWARM\env_management\Obj\gpio.o
#        D:\stm32_workspace\env_management\EWARM\env_management\Obj\hts221.o
#        D:\stm32_workspace\env_management\EWARM\env_management\Obj\i2c.o
#        D:\stm32_workspace\env_management\EWARM\env_management\Obj\lis3mdl.o
#        D:\stm32_workspace\env_management\EWARM\env_management\Obj\log.o
#        D:\stm32_workspace\env_management\EWARM\env_management\Obj\lps22hb.o
#        D:\stm32_workspace\env_management\EWARM\env_management\Obj\lsm6dsl.o
#        D:\stm32_workspace\env_management\EWARM\env_management\Obj\main.o
#        D:\stm32_workspace\env_management\EWARM\env_management\Obj\qspi.o
#        D:\stm32_workspace\env_management\EWARM\env_management\Obj\quadspi.o
#        D:\stm32_workspace\env_management\EWARM\env_management\Obj\rtc.o
#        D:\stm32_workspace\env_management\EWARM\env_management\Obj\sensor.o
#        D:\stm32_workspace\env_management\EWARM\env_management\Obj\spi.o
#        D:\stm32_workspace\env_management\EWARM\env_management\Obj\startup_stm32l475xx.o
#        D:\stm32_workspace\env_management\EWARM\env_management\Obj\stm32l475e_iot01.o
#        D:\stm32_workspace\env_management\EWARM\env_management\Obj\stm32l475e_iot01_accelero.o
#        D:\stm32_workspace\env_management\EWARM\env_management\Obj\stm32l475e_iot01_gyro.o
#        D:\stm32_workspace\env_management\EWARM\env_management\Obj\stm32l475e_iot01_hsensor.o
#        D:\stm32_workspace\env_management\EWARM\env_management\Obj\stm32l475e_iot01_magneto.o
#        D:\stm32_workspace\env_management\EWARM\env_management\Obj\stm32l475e_iot01_psensor.o
#        D:\stm32_workspace\env_management\EWARM\env_management\Obj\stm32l475e_iot01_qspi.o
#        D:\stm32_workspace\env_management\EWARM\env_management\Obj\stm32l475e_iot01_tsensor.o
#        D:\stm32_workspace\env_management\EWARM\env_management\Obj\stm32l4xx_hal.o
#        D:\stm32_workspace\env_management\EWARM\env_management\Obj\stm32l4xx_hal_cortex.o
#        D:\stm32_workspace\env_management\EWARM\env_management\Obj\stm32l4xx_hal_dfsdm.o
#        D:\stm32_workspace\env_management\EWARM\env_management\Obj\stm32l4xx_hal_dma.o
#        D:\stm32_workspace\env_management\EWARM\env_management\Obj\stm32l4xx_hal_dma_ex.o
#        D:\stm32_workspace\env_management\EWARM\env_management\Obj\stm32l4xx_hal_exti.o
#        D:\stm32_workspace\env_management\EWARM\env_management\Obj\stm32l4xx_hal_flash.o
#        D:\stm32_workspace\env_management\EWARM\env_management\Obj\stm32l4xx_hal_flash_ex.o
#        D:\stm32_workspace\env_management\EWARM\env_management\Obj\stm32l4xx_hal_flash_ramfunc.o
#        D:\stm32_workspace\env_management\EWARM\env_management\Obj\stm32l4xx_hal_gpio.o
#        D:\stm32_workspace\env_management\EWARM\env_management\Obj\stm32l4xx_hal_i2c.o
#        D:\stm32_workspace\env_management\EWARM\env_management\Obj\stm32l4xx_hal_i2c_ex.o
#        D:\stm32_workspace\env_management\EWARM\env_management\Obj\stm32l4xx_hal_msp.o
#        D:\stm32_workspace\env_management\EWARM\env_management\Obj\stm32l4xx_hal_pcd.o
#        D:\stm32_workspace\env_management\EWARM\env_management\Obj\stm32l4xx_hal_pcd_ex.o
#        D:\stm32_workspace\env_management\EWARM\env_management\Obj\stm32l4xx_hal_pwr.o
#        D:\stm32_workspace\env_management\EWARM\env_management\Obj\stm32l4xx_hal_pwr_ex.o
#        D:\stm32_workspace\env_management\EWARM\env_management\Obj\stm32l4xx_hal_qspi.o
#        D:\stm32_workspace\env_management\EWARM\env_management\Obj\stm32l4xx_hal_rcc.o
#        D:\stm32_workspace\env_management\EWARM\env_management\Obj\stm32l4xx_hal_rcc_ex.o
#        D:\stm32_workspace\env_management\EWARM\env_management\Obj\stm32l4xx_hal_rtc.o
#        D:\stm32_workspace\env_management\EWARM\env_management\Obj\stm32l4xx_hal_rtc_ex.o
#        D:\stm32_workspace\env_management\EWARM\env_management\Obj\stm32l4xx_hal_spi.o
#        D:\stm32_workspace\env_management\EWARM\env_management\Obj\stm32l4xx_hal_spi_ex.o
#        D:\stm32_workspace\env_management\EWARM\env_management\Obj\stm32l4xx_hal_tim.o
#        D:\stm32_workspace\env_management\EWARM\env_management\Obj\stm32l4xx_hal_tim_ex.o
#        D:\stm32_workspace\env_management\EWARM\env_management\Obj\stm32l4xx_hal_uart.o
#        D:\stm32_workspace\env_management\EWARM\env_management\Obj\stm32l4xx_hal_uart_ex.o
#        D:\stm32_workspace\env_management\EWARM\env_management\Obj\stm32l4xx_it.o
#        D:\stm32_workspace\env_management\EWARM\env_management\Obj\stm32l4xx_ll_usb.o
#        D:\stm32_workspace\env_management\EWARM\env_management\Obj\system_stm32l4xx.o
#        D:\stm32_workspace\env_management\EWARM\env_management\Obj\usart.o
#        D:\stm32_workspace\env_management\EWARM\env_management\Obj\usb_otg.o
#        --no_out_extension -o
#        D:\stm32_workspace\env_management\EWARM\env_management\Exe\env_management.out
#        --redirect _Printf=_PrintfFullNoMb --redirect _Scanf=_ScanfFullNoMb
#        --map
#        D:\stm32_workspace\env_management\EWARM\env_management\List\env_management.map
#        --config D:\stm32_workspace\env_management\EWARM/stm32l475xx_flash.icf
#        --semihosting --entry __iar_program_start --vfe --text_out locale)
#
###############################################################################

*******************************************************************************
*** RUNTIME MODEL ATTRIBUTES
***

CppFlavor       = *
__SystemLibrary = DLib
__dlib_version  = 6


*******************************************************************************
*** HEAP SELECTION
***

The basic heap was selected because no calls to memory allocation
functions were found in the application outside of system library
functions, and there are calls to deallocation functions in the
application.


*******************************************************************************
*** PLACEMENT SUMMARY
***

"A0":  place at 0x800'0000 { ro section .intvec };
"P1":  place in [from 0x800'0000 to 0x80f'ffff] { ro };
define block CSTACK with size = 5K, alignment = 8 { };
define block HEAP with size = 4608, alignment = 8 { };
"P2":  place in [from 0x2000'0000 to 0x2001'7fff] {
          rw, block CSTACK, block HEAP };
"P3":  place in [from 0x2000'0000 to 0x2001'7fff] { };
initialize by copy { rw };

  Section            Kind         Address    Size  Object
  -------            ----         -------    ----  ------
"A0":                                       0x188
  .intvec            ro code   0x800'0000   0x188  startup_stm32l475xx.o [1]
                             - 0x800'0188   0x188

"P1":                                      0x6742
  .text              ro code   0x800'0188   0xdf2  xprintffull_nomb.o [2]
  .text              ro code   0x800'0f7a    0x7a  lz77_init_single.o [4]
  .text              ro code   0x800'0ff4    0x16  strchr.o [4]
  .text              ro code   0x800'100a    0x3a  zero_init3.o [4]
  .text              ro code   0x800'1044    0x40  xfail_s.o [2]
  .text              ro code   0x800'1084    0x36  strlen.o [4]
  .text              ro code   0x800'10bc    0x58  memchr.o [4]
  .text              ro code   0x800'1114   0x106  I64DivMod_small.o [4]
  .text              ro code   0x800'121c   0x1a2  DblMul.o [3]
  .text              ro code   0x800'13c0    0x18  ABImemcpy_small.o [4]
  .text              ro code   0x800'13d8    0x70  frexp.o [3]
  .text              ro code   0x800'1448    0x2e  DblCmpLe.o [3]
  .text              ro code   0x800'1478    0x2e  DblCmpGe.o [3]
  .text              ro code   0x800'14a8   0x13a  ldexp.o [3]
  .text              ro code   0x800'15e4    0x3a  DblToS32.o [3]
  .text              ro code   0x800'1620    0x22  S32ToDbl.o [3]
  .text              ro code   0x800'1644    0xe2  DblSub.o [3]
  .text              ro code   0x800'1728   0x246  DblDiv.o [3]
  .text              ro code   0x800'1970    0x28  DblToU32.o [3]
  .text              ro code   0x800'1998    0x1a  U32ToDbl.o [3]
  .text              ro code   0x800'19b4     0x8  xlocale_c.o [2]
  .text              ro code   0x800'19bc     0x6  abort.o [2]
  .text              ro code   0x800'19c4     0x2  I64DivZer.o [4]
  .text              ro code   0x800'19c8   0x16a  DblAdd.o [3]
  .text              ro code   0x800'1b34    0x14  exit.o [5]
  .text              ro code   0x800'1b48   0x738  stm32l4xx_hal_rcc.o [1]
  .text              ro code   0x800'2280    0x44  stm32l4xx_hal.o [1]
  .text              ro code   0x800'22c4     0xc  stm32l4xx_hal.o [1]
  .text              ro code   0x800'22d0    0x9c  stm32l4xx_hal_pwr_ex.o [1]
  .text              ro code   0x800'236c    0xc8  stm32l4xx_hal_cortex.o [1]
  .text              ro code   0x800'2434   0x6c4  main.o [1]
  .text              ro code   0x800'2af8    0x1e  stm32l4xx_hal.o [1]
  .text              ro code   0x800'2b18   0x28e  gpio.o [1]
  .text              ro code   0x800'2da8    0xd0  dfsdm.o [1]
  .text              ro code   0x800'2e78   0x110  i2c.o [1]
  .text              ro code   0x800'2f88    0x9c  quadspi.o [1]
  .text              ro code   0x800'3024    0xb4  spi.o [1]
  .text              ro code   0x800'30d8   0x124  usart.o [1]
  .text              ro code   0x800'31fc   0x110  usb_otg.o [1]
  .text              ro code   0x800'330c    0x84  rtc.o [1]
  .text              ro code   0x800'3390    0x34  stm32l475e_iot01_psensor.o [1]
  .text              ro code   0x800'33c4    0x2c  stm32l475e_iot01_tsensor.o [1]
  .text              ro code   0x800'33f0    0x34  stm32l475e_iot01_hsensor.o [1]
  .text              ro code   0x800'3424    0x3c  stm32l475e_iot01_accelero.o [1]
  .text              ro code   0x800'3460    0x38  stm32l475e_iot01_gyro.o [1]
  .text              ro code   0x800'3498    0x54  stm32l475e_iot01_magneto.o [1]
  .text              ro code   0x800'34ec   0x134  stm32l4xx_hal_rtc_ex.o [1]
  .text              ro code   0x800'3620   0x332  stm32l475e_iot01.o [1]
  .text              ro code   0x800'3954    0x28  printf.o [2]
  .text              ro code   0x800'397c    0x8a  fifo.o [1]
  .text              ro code   0x800'3a08    0xac  log.o [1]
  .text              ro code   0x800'3ab4    0x28  stm32l4xx_hal.o [1]
  .text              ro code   0x800'3adc    0xa4  rand.o [2]
  .text              ro code   0x800'3b80     0x6  ABImemclr4.o [4]
  .text              ro code   0x800'3b88    0x10  stm32l4xx_hal_pwr.o [1]
  .text              ro code   0x800'3b98   0x544  stm32l4xx_hal_rcc_ex.o [1]
  .text              ro code   0x800'40dc   0x332  stm32l4xx_hal_gpio.o [1]
  .text              ro code   0x800'4410    0xd8  sensor.o [1]
  .text              ro code   0x800'44e8    0xb4  actor.o [1]
  .text              ro code   0x800'459c   0x5d0  stm32l4xx_hal_uart.o [1]
  .text              ro code   0x800'4b6c    0x30  stm32l4xx_hal_msp.o [1]
  .text              ro code   0x800'4b9c   0x154  stm32l4xx_hal_dfsdm.o [1]
  .text              ro code   0x800'4cf0   0x698  stm32l4xx_hal_i2c.o [1]
  .text              ro code   0x800'5388    0x7e  stm32l4xx_hal_i2c_ex.o [1]
  .text              ro code   0x800'5408    0xe6  stm32l4xx_hal_qspi.o [1]
  .text              ro code   0x800'54f0    0xe6  stm32l4xx_hal_spi.o [1]
  .text              ro code   0x800'55d8    0xd0  stm32l4xx_hal_pcd.o [1]
  .text              ro code   0x800'56a8   0x16c  stm32l4xx_hal_rtc.o [1]
  .text              ro code   0x800'5814    0x48  FltToDbl.o [3]
  .text              ro code   0x800'585c    0x32  ABImemset48.o [4]
  .text              ro code   0x800'5890   0x2cc  stm32l4xx_ll_usb.o [1]
  .text              ro code   0x800'5b5c    0x26  stm32l4xx_hal_pcd_ex.o [1]
  .text              ro code   0x800'5b84   0x1f0  lsm6dsl.o [1]
  .text              ro code   0x800'5d74   0x1c8  hts221.o [1]
  .rodata            const     0x800'5f3c   0x1bc  actor.o [1]
  .rodata            const     0x800'60f8   0x154  main.o [1]
  .text              ro code   0x800'624c   0x134  lis3mdl.o [1]
  .text              ro code   0x800'6380    0xa8  lps22hb.o [1]
  .text              ro code   0x800'6428    0x6e  stm32l4xx_it.o [1]
  .text              ro code   0x800'6498    0x10  stm32l4xx_hal.o [1]
  .rodata            const     0x800'64a8    0x54  main.o [1]
  .rodata            const     0x800'64fc    0x34  log.o [1]
  .rodata            const     0x800'6530    0x30  log.o [1]
  .rodata            const     0x800'6560    0x30  system_stm32l4xx.o [1]
  .rodata            const     0x800'6590    0x2c  log.o [1]
  .rodata            const     0x800'65bc    0x28  log.o [1]
  .text              ro code   0x800'65e4    0x28  data_init.o [4]
  .text              ro code   0x800'660c    0x22  fpinit_M.o [3]
  .iar.init_table    const     0x800'6630    0x20  - Linker created -
  .text              ro code   0x800'6650    0x20  system_stm32l4xx.o [1]
  .text              ro code   0x800'6670    0x1e  cmain.o [4]
  .text              ro code   0x800'668e     0x4  low_level_init.o [2]
  .text              ro code   0x800'6692     0x4  exit.o [2]
  .text              ro code   0x800'6698     0xa  cexit.o [4]
  .text              ro code   0x800'66a2    0x16  xprout.o [2]
  .text              ro code   0x800'66b8     0xc  putchar.o [2]
  .text              ro code   0x800'66c4    0x10  startup_stm32l475xx.o [1]
  .text              ro code   0x800'66d4     0xc  cstartup_M.o [4]
  .rodata            const     0x800'66e0     0x8  system_stm32l4xx.o [1]
  .rodata            const     0x800'66e8     0x4  xlocale_c.o [2]
  .text              ro code   0x800'66ec     0x4  startup_stm32l475xx.o [1]
  .text              ro code   0x800'66f0     0x4  startup_stm32l475xx.o [1]
  .text              ro code   0x800'66f4     0x4  startup_stm32l475xx.o [1]
  .text              ro code   0x800'66f8     0x4  startup_stm32l475xx.o [1]
  .text              ro code   0x800'66fc     0x4  startup_stm32l475xx.o [1]
  .text              ro code   0x800'6700     0x4  startup_stm32l475xx.o [1]
  .text              ro code   0x800'6704     0x4  startup_stm32l475xx.o [1]
  .text              ro code   0x800'6708     0x4  startup_stm32l475xx.o [1]
  .text              ro code   0x800'670c     0x4  startup_stm32l475xx.o [1]
  .text              ro code   0x800'6710     0x4  startup_stm32l475xx.o [1]
  .text              ro code   0x800'6714     0x4  startup_stm32l475xx.o [1]
  .text              ro code   0x800'6718     0x4  startup_stm32l475xx.o [1]
  .text              ro code   0x800'671c     0x4  startup_stm32l475xx.o [1]
  .text              ro code   0x800'6720     0x4  startup_stm32l475xx.o [1]
  .text              ro code   0x800'6724     0x4  startup_stm32l475xx.o [1]
  .text              ro code   0x800'6728     0x4  startup_stm32l475xx.o [1]
  .text              ro code   0x800'672c     0x4  startup_stm32l475xx.o [1]
  .text              ro code   0x800'6730     0x4  startup_stm32l475xx.o [1]
  .text              ro code   0x800'6734     0x4  startup_stm32l475xx.o [1]
  .text              ro code   0x800'6738     0x4  startup_stm32l475xx.o [1]
  .text              ro code   0x800'673c     0x4  startup_stm32l475xx.o [1]
  .text              ro code   0x800'6740     0x4  startup_stm32l475xx.o [1]
  .text              ro code   0x800'6744     0x4  startup_stm32l475xx.o [1]
  .text              ro code   0x800'6748     0x4  startup_stm32l475xx.o [1]
  .text              ro code   0x800'674c     0x4  startup_stm32l475xx.o [1]
  .text              ro code   0x800'6750     0x4  startup_stm32l475xx.o [1]
  .text              ro code   0x800'6754     0x4  startup_stm32l475xx.o [1]
  .text              ro code   0x800'6758     0x4  startup_stm32l475xx.o [1]
  .text              ro code   0x800'675c     0x4  startup_stm32l475xx.o [1]
  .text              ro code   0x800'6760     0x4  startup_stm32l475xx.o [1]
  .text              ro code   0x800'6764     0x4  startup_stm32l475xx.o [1]
  .text              ro code   0x800'6768     0x4  startup_stm32l475xx.o [1]
  .text              ro code   0x800'676c     0x4  startup_stm32l475xx.o [1]
  .text              ro code   0x800'6770     0x4  startup_stm32l475xx.o [1]
  .text              ro code   0x800'6774     0x4  startup_stm32l475xx.o [1]
  .text              ro code   0x800'6778     0x4  startup_stm32l475xx.o [1]
  .text              ro code   0x800'677c     0x4  startup_stm32l475xx.o [1]
  .text              ro code   0x800'6780     0x4  startup_stm32l475xx.o [1]
  .text              ro code   0x800'6784     0x4  startup_stm32l475xx.o [1]
  .text              ro code   0x800'6788     0x4  startup_stm32l475xx.o [1]
  .text              ro code   0x800'678c     0x4  startup_stm32l475xx.o [1]
  .text              ro code   0x800'6790     0x4  startup_stm32l475xx.o [1]
  .text              ro code   0x800'6794     0x4  startup_stm32l475xx.o [1]
  .text              ro code   0x800'6798     0x4  startup_stm32l475xx.o [1]
  .text              ro code   0x800'679c     0x4  startup_stm32l475xx.o [1]
  .text              ro code   0x800'67a0     0x4  startup_stm32l475xx.o [1]
  .text              ro code   0x800'67a4     0x4  startup_stm32l475xx.o [1]
  .text              ro code   0x800'67a8     0x4  startup_stm32l475xx.o [1]
  .text              ro code   0x800'67ac     0x4  startup_stm32l475xx.o [1]
  .text              ro code   0x800'67b0     0x4  startup_stm32l475xx.o [1]
  .text              ro code   0x800'67b4     0x4  startup_stm32l475xx.o [1]
  .text              ro code   0x800'67b8     0x4  startup_stm32l475xx.o [1]
  .text              ro code   0x800'67bc     0x4  startup_stm32l475xx.o [1]
  .text              ro code   0x800'67c0     0x4  startup_stm32l475xx.o [1]
  .text              ro code   0x800'67c4     0x4  startup_stm32l475xx.o [1]
  .text              ro code   0x800'67c8     0x4  startup_stm32l475xx.o [1]
  .text              ro code   0x800'67cc     0x4  startup_stm32l475xx.o [1]
  .text              ro code   0x800'67d0     0x4  startup_stm32l475xx.o [1]
  .text              ro code   0x800'67d4     0x4  startup_stm32l475xx.o [1]
  .text              ro code   0x800'67d8     0x4  startup_stm32l475xx.o [1]
  .text              ro code   0x800'67dc     0x4  startup_stm32l475xx.o [1]
  .text              ro code   0x800'67e0     0x4  startup_stm32l475xx.o [1]
  .text              ro code   0x800'67e4     0x4  startup_stm32l475xx.o [1]
  .text              ro code   0x800'67e8     0x4  startup_stm32l475xx.o [1]
  .text              ro code   0x800'67ec     0x4  startup_stm32l475xx.o [1]
  .text              ro code   0x800'67f0     0x4  startup_stm32l475xx.o [1]
  .text              ro code   0x800'67f4     0x4  startup_stm32l475xx.o [1]
  .text              ro code   0x800'67f8     0x4  startup_stm32l475xx.o [1]
  .text              ro code   0x800'67fc     0x4  startup_stm32l475xx.o [1]
  .text              ro code   0x800'6800     0x4  startup_stm32l475xx.o [1]
  .text              ro code   0x800'6804     0x4  startup_stm32l475xx.o [1]
  .text              ro code   0x800'6808     0x4  startup_stm32l475xx.o [1]
  .text              ro code   0x800'680c     0x4  startup_stm32l475xx.o [1]
  .text              ro code   0x800'6810     0x4  startup_stm32l475xx.o [1]
  .text              ro code   0x800'6814     0x4  startup_stm32l475xx.o [1]
  .text              ro code   0x800'6818     0x4  startup_stm32l475xx.o [1]
  .text              ro code   0x800'681c     0x4  startup_stm32l475xx.o [1]
  .rodata            const     0x800'6820     0x0  zero_init3.o [4]
  .rodata            const     0x800'6820     0x0  lz77_init_single.o [4]
  Initializer bytes  const     0x800'6820    0xaa  <for P2-P3-1>
                             - 0x800'68ca  0x6742

"P2-P3", part 1 of 3:                       0x170
  P2-P3-1                     0x2000'0000   0x170  <Init block>
    .data            inited   0x2000'0000     0xc  hts221.o [1]
    .data            inited   0x2000'000c    0x10  hts221.o [1]
    .data            inited   0x2000'001c    0x34  lis3mdl.o [1]
    .data            inited   0x2000'0050     0xc  lps22hb.o [1]
    .data            inited   0x2000'005c    0x34  lsm6dsl.o [1]
    .data            inited   0x2000'0090    0x34  lsm6dsl.o [1]
    .data            inited   0x2000'00c4     0x4  stm32l475e_iot01.o [1]
    .data            inited   0x2000'00c8     0x4  stm32l475e_iot01.o [1]
    .data            inited   0x2000'00cc     0xc  stm32l475e_iot01.o [1]
    .data            inited   0x2000'00d8     0xc  stm32l4xx_hal.o [1]
    .data            inited   0x2000'00e4     0x4  system_stm32l4xx.o [1]
    .data            inited   0x2000'00e8     0x8  rand.o [2]
    .data            inited   0x2000'00f0    0x38  xlocale_c.o [2]
    .data            inited   0x2000'0128    0x48  xfiles.o [2]
                            - 0x2000'0170   0x170

"P2-P3", part 2 of 3:                      0x18d8
  .bss               zero     0x2000'0170   0xf68  main.o [1]
  .bss               zero     0x2000'10d8   0x4e4  usb_otg.o [1]
  .bss               zero     0x2000'15bc    0x88  stm32l475e_iot01.o [1]
  .bss               zero     0x2000'1644    0x88  usart.o [1]
  .bss               zero     0x2000'16cc    0x88  usart.o [1]
  .bss               zero     0x2000'1754    0x84  rand.o [2]
  .bss               zero     0x2000'17d8    0x64  spi.o [1]
  .bss               zero     0x2000'183c    0x54  i2c.o [1]
  .bss               zero     0x2000'1890    0x54  stm32l475e_iot01.o [1]
  .bss               zero     0x2000'18e4    0x50  xfiles.o [2]
  .bss               zero     0x2000'1934    0x44  quadspi.o [1]
  .bss               zero     0x2000'1978    0x38  dfsdm.o [1]
  .bss               zero     0x2000'19b0    0x24  rtc.o [1]
  .bss               zero     0x2000'19d4    0x24  stm32l4xx_hal_dfsdm.o [1]
  .bss               zero     0x2000'19f8    0x10  log.o [1]
  .bss               zero     0x2000'1a08     0xc  actor.o [1]
  .bss               zero     0x2000'1a14     0xc  sensor.o [1]
  .bss               zero     0x2000'1a20     0x8  sensor.o [1]
  .bss               zero     0x2000'1a28     0x4  dfsdm.o [1]
  .bss               zero     0x2000'1a2c     0x4  stm32l475e_iot01_accelero.o [1]
  .bss               zero     0x2000'1a30     0x4  stm32l475e_iot01_gyro.o [1]
  .bss               zero     0x2000'1a34     0x4  stm32l475e_iot01_hsensor.o [1]
  .bss               zero     0x2000'1a38     0x4  stm32l475e_iot01_magneto.o [1]
  .bss               zero     0x2000'1a3c     0x4  stm32l475e_iot01_psensor.o [1]
  .bss               zero     0x2000'1a40     0x4  stm32l475e_iot01_tsensor.o [1]
  .bss               zero     0x2000'1a44     0x4  xfail_s.o [2]
                            - 0x2000'1a48  0x18d8

"P2-P3", part 3 of 3:                      0x1400
  CSTACK                      0x2000'1a48  0x1400  <Block>
    CSTACK           uninit   0x2000'1a48  0x1400  <Block tail>
                            - 0x2000'2e48  0x1400

Unused ranges:

         From           To      Size
         ----           --      ----
   0x800'68ca   0x80f'ffff  0xf'9736
  0x2000'2e48  0x2001'7fff  0x1'51b8


*******************************************************************************
*** INIT TABLE
***

          Address      Size
          -------      ----
Zero (__iar_zero_init3)
    1 destination range, total size 0x18d8:
          0x2000'0170  0x18d8

Copy/lz77 (__iar_lz77_init_single3)
    1 source range, total size 0xaa (46% of destination):
           0x800'6820    0xaa
    1 destination range, total size 0x170:
          0x2000'0000   0x170



*******************************************************************************
*** MODULE SUMMARY
***

    Module                       ro code  ro data  rw data
    ------                       -------  -------  -------
command line/config:
    ------------------------------------------------------
    Total:

D:\stm32_workspace\env_management\EWARM\env_management\Obj: [1]
    actor.o                          180      444       12
    dfsdm.o                          208                60
    fifo.o                           138
    gpio.o                           654
    hts221.o                         456       12       28
    i2c.o                            272                84
    lis3mdl.o                        308       24       52
    log.o                            172      184       16
    lps22hb.o                        168        6       12
    lsm6dsl.o                        496       48      104
    main.o                         1 732      424    3 944
    quadspi.o                        156                68
    rtc.o                            132                36
    sensor.o                         216                20
    spi.o                            180               100
    startup_stm32l475xx.o            716
    stm32l475e_iot01.o               818        9      240
    stm32l475e_iot01_accelero.o       60                 4
    stm32l475e_iot01_gyro.o           56                 4
    stm32l475e_iot01_hsensor.o        52                 4
    stm32l475e_iot01_magneto.o        84                 4
    stm32l475e_iot01_psensor.o        52                 4
    stm32l475e_iot01_tsensor.o        44                 4
    stm32l4xx_hal.o                  166        6       12
    stm32l4xx_hal_cortex.o           200
    stm32l4xx_hal_dfsdm.o            340                36
    stm32l4xx_hal_gpio.o             818
    stm32l4xx_hal_i2c.o            1 688
    stm32l4xx_hal_i2c_ex.o           126
    stm32l4xx_hal_msp.o               48
    stm32l4xx_hal_pcd.o              208
    stm32l4xx_hal_pcd_ex.o            38
    stm32l4xx_hal_pwr.o               16
    stm32l4xx_hal_pwr_ex.o           156
    stm32l4xx_hal_qspi.o             230
    stm32l4xx_hal_rcc.o            1 848
    stm32l4xx_hal_rcc_ex.o         1 348
    stm32l4xx_hal_rtc.o              364
    stm32l4xx_hal_rtc_ex.o           308
    stm32l4xx_hal_spi.o              230
    stm32l4xx_hal_uart.o           1 488
    stm32l4xx_it.o                   110
    stm32l4xx_ll_usb.o               716
    system_stm32l4xx.o                32       58        4
    usart.o                          292               272
    usb_otg.o                        272             1 252
    ------------------------------------------------------
    Total:                        18 392    1 215    6 376

dl7M_tlf.a: [2]
    abort.o                            6
    exit.o                             4
    low_level_init.o                   4
    printf.o                          40
    putchar.o                         12
    rand.o                           164        3      140
    xfail_s.o                         64                 4
    xfiles.o                                   34      152
    xlocale_c.o                        8       30       56
    xprintffull_nomb.o             3 570
    xprout.o                          22
    ------------------------------------------------------
    Total:                         3 894       67      352

m7M_tls.a: [3]
    DblAdd.o                         362
    DblCmpGe.o                        46
    DblCmpLe.o                        46
    DblDiv.o                         582
    DblMul.o                         418
    DblSub.o                         226
    DblToS32.o                        58
    DblToU32.o                        40
    FltToDbl.o                        72
    S32ToDbl.o                        34
    U32ToDbl.o                        26
    fpinit_M.o                        34
    frexp.o                          112
    ldexp.o                          314
    ------------------------------------------------------
    Total:                         2 370

rt7M_tl.a: [4]
    ABImemclr4.o                       6
    ABImemcpy_small.o                 24
    ABImemset48.o                     50
    I64DivMod_small.o                262
    I64DivZer.o                        2
    cexit.o                           10
    cmain.o                           30
    cstartup_M.o                      12
    data_init.o                       40
    lz77_init_single.o               122
    memchr.o                          88
    strchr.o                          22
    strlen.o                          54
    zero_init3.o                      58
    ------------------------------------------------------
    Total:                           780

shb_l.a: [5]
    exit.o                            20
    ------------------------------------------------------
    Total:                            20

    Gaps                              54        2
    Linker created                             32    5 120
----------------------------------------------------------
    Grand Total:                  25 510    1 316   11 848


*******************************************************************************
*** ENTRY LIST
***

Entry                       Address   Size  Type      Object
-----                       -------   ----  ----      ------
.iar.init_table$$Base    0x800'6630          --   Gb  - Linker created -
.iar.init_table$$Limit   0x800'6650          --   Gb  - Linker created -
?main                    0x800'6671         Code  Gb  cmain.o [4]
AHBPrescTable            0x800'6660   0x10  Data  Gb  system_stm32l4xx.o [1]
APBPrescTable            0x800'66e0    0x8  Data  Gb  system_stm32l4xx.o [1]
AccelerometerDrv        0x2000'1a2c    0x4  Data  Lc  stm32l475e_iot01_accelero.o [1]
BSP_ACCELERO_AccGetXYZ   0x800'3447   0x10  Code  Gb  stm32l475e_iot01_accelero.o [1]
BSP_ACCELERO_Init        0x800'3425   0x22  Code  Gb  stm32l475e_iot01_accelero.o [1]
BSP_COM_Init             0x800'3717   0x9e  Code  Gb  stm32l475e_iot01.o [1]
BSP_GYRO_GetXYZ          0x800'3481   0x10  Code  Gb  stm32l475e_iot01_gyro.o [1]
BSP_GYRO_Init            0x800'3461   0x20  Code  Gb  stm32l475e_iot01_gyro.o [1]
BSP_HSENSOR_Init         0x800'33f1   0x20  Code  Gb  stm32l475e_iot01_hsensor.o [1]
BSP_HSENSOR_ReadHumidity
                         0x800'3411    0xa  Code  Gb  stm32l475e_iot01_hsensor.o [1]
BSP_LED_Init             0x800'3621   0x46  Code  Gb  stm32l475e_iot01.o [1]
BSP_LED_On               0x800'3667    0xe  Code  Gb  stm32l475e_iot01.o [1]
BSP_MAGNETO_GetXYZ       0x800'34d5   0x10  Code  Gb  stm32l475e_iot01_magneto.o [1]
BSP_MAGNETO_Init         0x800'3499   0x3c  Code  Gb  stm32l475e_iot01_magneto.o [1]
BSP_PB_GetState          0x800'3703   0x14  Code  Gb  stm32l475e_iot01.o [1]
BSP_PB_Init              0x800'368d   0x76  Code  Gb  stm32l475e_iot01.o [1]
BSP_PSENSOR_Init         0x800'3391   0x20  Code  Gb  stm32l475e_iot01_psensor.o [1]
BSP_PSENSOR_ReadPressure
                         0x800'33b1    0xa  Code  Gb  stm32l475e_iot01_psensor.o [1]
BSP_TSENSOR_Init         0x800'33c5   0x1a  Code  Gb  stm32l475e_iot01_tsensor.o [1]
BSP_TSENSOR_ReadTemp     0x800'33df    0xa  Code  Gb  stm32l475e_iot01_tsensor.o [1]
BUTTON_IRQn              0x800'3940    0x2  Data  Gb  stm32l475e_iot01.o [1]
BUTTON_PIN               0x800'393c    0x2  Data  Gb  stm32l475e_iot01.o [1]
BUTTON_PORT             0x2000'00c8    0x4  Data  Gb  stm32l475e_iot01.o [1]
BusFault_Handler         0x800'642f    0x2  Code  Gb  stm32l4xx_it.o [1]
COM_RX_AF                0x800'3950    0x2  Data  Gb  stm32l475e_iot01.o [1]
COM_RX_PIN               0x800'3948    0x2  Data  Gb  stm32l475e_iot01.o [1]
COM_RX_PORT             0x2000'00d4    0x4  Data  Gb  stm32l475e_iot01.o [1]
COM_TX_AF                0x800'394c    0x2  Data  Gb  stm32l475e_iot01.o [1]
COM_TX_PIN               0x800'3944    0x2  Data  Gb  stm32l475e_iot01.o [1]
COM_TX_PORT             0x2000'00d0    0x4  Data  Gb  stm32l475e_iot01.o [1]
COM_USART               0x2000'00cc    0x4  Data  Gb  stm32l475e_iot01.o [1]
CSTACK$$Base            0x2000'1a48          --   Gb  - Linker created -
CSTACK$$Limit           0x2000'2e48          --   Gb  - Linker created -
DFSDM1_Init             0x2000'1a28    0x4  Data  Lc  dfsdm.o [1]
DFSDM_GetChannelFromInstance
                         0x800'4c85   0x4a  Code  Lc  stm32l4xx_hal_dfsdm.o [1]
DebugMon_Handler         0x800'6435    0x2  Code  Gb  stm32l4xx_it.o [1]
EXTI15_10_IRQHandler     0x800'6469   0x2e  Code  Gb  stm32l4xx_it.o [1]
EXTI9_5_IRQHandler       0x800'6449   0x20  Code  Gb  stm32l4xx_it.o [1]
Error_Handler            0x800'29cd    0x4  Code  Gb  main.o [1]
FIFO_Pop                 0x800'39c9   0x2a  Code  Gb  fifo.o [1]
FIFO_Push                0x800'397d   0x44  Code  Gb  fifo.o [1]
GPIO_PIN                 0x800'3938    0x4  Data  Gb  stm32l475e_iot01.o [1]
GPIO_PORT               0x2000'00c4    0x4  Data  Gb  stm32l475e_iot01.o [1]
GyroscopeDrv            0x2000'1a30    0x4  Data  Lc  stm32l475e_iot01_gyro.o [1]
HAL_DFSDM_ChannelInit    0x800'4b9d   0xd8  Code  Gb  stm32l4xx_hal_dfsdm.o [1]
HAL_DFSDM_ChannelMspInit
                         0x800'2de7   0x7c  Code  Gb  dfsdm.o [1]
HAL_Delay                0x800'3ab5   0x28  Code  Wk  stm32l4xx_hal.o [1]
HAL_GPIO_DeInit          0x800'42b3   0xf8  Code  Gb  stm32l4xx_hal_gpio.o [1]
HAL_GPIO_EXTI_IRQHandler
                         0x800'43d1   0x10  Code  Gb  stm32l4xx_hal_gpio.o [1]
HAL_GPIO_Init            0x800'40dd  0x1d6  Code  Gb  stm32l4xx_hal_gpio.o [1]
HAL_GPIO_ReadPin         0x800'43ab    0xc  Code  Gb  stm32l4xx_hal_gpio.o [1]
HAL_GPIO_TogglePin       0x800'43c1   0x10  Code  Gb  stm32l4xx_hal_gpio.o [1]
HAL_GPIO_WritePin        0x800'43b7    0xa  Code  Gb  stm32l4xx_hal_gpio.o [1]
HAL_GetTick              0x800'22c5    0xc  Code  Wk  stm32l4xx_hal.o [1]
HAL_I2CEx_ConfigAnalogFilter
                         0x800'5389   0x2a  Code  Gb  stm32l4xx_hal_i2c_ex.o [1]
HAL_I2CEx_ConfigDigitalFilter
                         0x800'53b3   0x26  Code  Gb  stm32l4xx_hal_i2c_ex.o [1]
HAL_I2C_DeInit           0x800'4d97   0x26  Code  Gb  stm32l4xx_hal_i2c.o [1]
HAL_I2C_Init             0x800'4cf1   0xa6  Code  Gb  stm32l4xx_hal_i2c.o [1]
HAL_I2C_Mem_Read         0x800'4f45  0x14c  Code  Gb  stm32l4xx_hal_i2c.o [1]
HAL_I2C_Mem_Write        0x800'4de7   0xd2  Code  Gb  stm32l4xx_hal_i2c.o [1]
HAL_I2C_MspDeInit        0x800'2f3f   0x30  Code  Gb  i2c.o [1]
HAL_I2C_MspInit          0x800'2ec5   0x7a  Code  Gb  i2c.o [1]
HAL_IncTick              0x800'6499   0x10  Code  Wk  stm32l4xx_hal.o [1]
HAL_Init                 0x800'2af9   0x1e  Code  Gb  stm32l4xx_hal.o [1]
HAL_InitTick             0x800'2281   0x44  Code  Wk  stm32l4xx_hal.o [1]
HAL_MspInit              0x800'4b6d   0x30  Code  Gb  stm32l4xx_hal_msp.o [1]
HAL_NVIC_EnableIRQ       0x800'23dd   0x16  Code  Gb  stm32l4xx_hal_cortex.o [1]
HAL_NVIC_SetPriority     0x800'23a1   0x3a  Code  Gb  stm32l4xx_hal_cortex.o [1]
HAL_NVIC_SetPriorityGrouping
                         0x800'2387   0x1a  Code  Gb  stm32l4xx_hal_cortex.o [1]
HAL_PCDEx_ActivateLPM    0x800'5b5d   0x26  Code  Gb  stm32l4xx_hal_pcd_ex.o [1]
HAL_PCD_Init             0x800'55d9   0xc6  Code  Gb  stm32l4xx_hal_pcd.o [1]
HAL_PCD_MspInit          0x800'3227   0xc8  Code  Gb  usb_otg.o [1]
HAL_PWREx_ControlVoltageScaling
                         0x800'22dd   0x5e  Code  Gb  stm32l4xx_hal_pwr_ex.o [1]
HAL_PWREx_EnableVddUSB   0x800'233b    0x6  Code  Gb  stm32l4xx_hal_pwr_ex.o [1]
HAL_PWREx_GetVoltageRange
                         0x800'22d1    0xc  Code  Gb  stm32l4xx_hal_pwr_ex.o [1]
HAL_PWR_EnableBkUpAccess
                         0x800'3b89    0xc  Code  Gb  stm32l4xx_hal_pwr.o [1]
HAL_QSPI_Init            0x800'5409   0x88  Code  Gb  stm32l4xx_hal_qspi.o [1]
HAL_QSPI_MspInit         0x800'2fb7   0x5e  Code  Gb  quadspi.o [1]
HAL_RCCEx_EnableMSIPLLMode
                         0x800'3ed7    0xc  Code  Gb  stm32l4xx_hal_rcc_ex.o [1]
HAL_RCCEx_PeriphCLKConfig
                         0x800'3b99  0x324  Code  Gb  stm32l4xx_hal_rcc_ex.o [1]
HAL_RCC_ClockConfig      0x800'1fe3   0xfa  Code  Gb  stm32l4xx_hal_rcc.o [1]
HAL_RCC_GetPCLK1Freq     0x800'21a5   0x10  Code  Gb  stm32l4xx_hal_rcc.o [1]
HAL_RCC_GetPCLK2Freq     0x800'21b5    0xe  Code  Gb  stm32l4xx_hal_rcc.o [1]
HAL_RCC_GetSysClockFreq
                         0x800'2113   0x92  Code  Gb  stm32l4xx_hal_rcc.o [1]
HAL_RCC_OscConfig        0x800'1b49  0x44e  Code  Gb  stm32l4xx_hal_rcc.o [1]
HAL_RTCEx_SetWakeUpTimer_IT
                         0x800'34ed   0x88  Code  Gb  stm32l4xx_hal_rtc_ex.o [1]
HAL_RTCEx_WakeUpTimerEventCallback
                         0x800'2665  0x1f0  Code  Gb  main.o [1]
HAL_RTCEx_WakeUpTimerIRQHandler
                         0x800'35cd   0x30  Code  Gb  stm32l4xx_hal_rtc_ex.o [1]
HAL_RTC_Init             0x800'56a9   0xa4  Code  Gb  stm32l4xx_hal_rtc.o [1]
HAL_RTC_MspInit          0x800'3339   0x4c  Code  Gb  rtc.o [1]
HAL_RTC_WaitForSynchro   0x800'574d   0x2e  Code  Gb  stm32l4xx_hal_rtc.o [1]
HAL_SPI_Init             0x800'54f1   0xd2  Code  Gb  stm32l4xx_hal_spi.o [1]
HAL_SPI_MspInit          0x800'3069   0x5e  Code  Gb  spi.o [1]
HAL_SYSTICK_Config       0x800'23f3   0x28  Code  Gb  stm32l4xx_hal_cortex.o [1]
HAL_UART_Init            0x800'459d   0x34  Code  Gb  stm32l4xx_hal_uart.o [1]
HAL_UART_MspInit         0x800'3121   0xc0  Code  Gb  usart.o [1]
HAL_UART_Transmit        0x800'4625   0x9c  Code  Gb  stm32l4xx_hal_uart.o [1]
HTS221_H_Drv            0x2000'0000    0xc  Data  Gb  hts221.o [1]
HTS221_H_Init            0x800'5d75    0x4  Code  Gb  hts221.o [1]
HTS221_H_ReadHumidity    0x800'5d8d   0xce  Code  Gb  hts221.o [1]
HTS221_H_ReadID          0x800'5d79   0x14  Code  Gb  hts221.o [1]
HTS221_T_Drv            0x2000'000c   0x10  Data  Gb  hts221.o [1]
HTS221_T_Init            0x800'5e69    0x2  Code  Gb  hts221.o [1]
HTS221_T_ReadTemp        0x800'5e89   0xa6  Code  Gb  hts221.o [1]
HardFault_Handler        0x800'642b    0x2  Code  Gb  stm32l4xx_it.o [1]
Hsensor_drv             0x2000'1a34    0x4  Data  Lc  stm32l475e_iot01_hsensor.o [1]
I2C_Flush_TXDR           0x800'515d   0x1c  Code  Lc  stm32l4xx_hal_i2c.o [1]
I2C_IsErrorOccurred      0x800'526b   0xea  Code  Lc  stm32l4xx_hal_i2c.o [1]
I2C_RequestMemoryRead    0x800'50e1   0x34  Code  Lc  stm32l4xx_hal_i2c.o [1]
I2C_RequestMemoryWrite   0x800'50af   0x32  Code  Lc  stm32l4xx_hal_i2c.o [1]
I2C_TransferConfig       0x800'5355   0x26  Code  Lc  stm32l4xx_hal_i2c.o [1]
I2C_WaitOnFlagUntilTimeout
                         0x800'5179   0x5c  Code  Lc  stm32l4xx_hal_i2c.o [1]
I2C_WaitOnSTOPFlagUntilTimeout
                         0x800'5233   0x38  Code  Lc  stm32l4xx_hal_i2c.o [1]
I2C_WaitOnTXISFlagUntilTimeout
                         0x800'51d5   0x3e  Code  Lc  stm32l4xx_hal_i2c.o [1]
I2Cx_Error               0x800'38ad   0x10  Code  Lc  stm32l475e_iot01.o [1]
I2Cx_Init                0x800'37bf   0xae  Code  Lc  stm32l475e_iot01.o [1]
I2Cx_ReadMultiple        0x800'386d    0xc  Code  Lc  stm32l475e_iot01.o [1]
I2Cx_WriteMultiple       0x800'3879    0xa  Code  Lc  stm32l475e_iot01.o [1]
LIS3MDL_MagDeInit        0x800'628d   0x10  Code  Gb  lis3mdl.o [1]
LIS3MDL_MagInit          0x800'624d   0x3a  Code  Gb  lis3mdl.o [1]
LIS3MDL_MagLowPower      0x800'62b7   0x18  Code  Gb  lis3mdl.o [1]
LIS3MDL_MagReadID        0x800'62a5   0x12  Code  Gb  lis3mdl.o [1]
LIS3MDL_MagReadXYZ       0x800'62d9   0x92  Code  Gb  lis3mdl.o [1]
LPS22HB_Init             0x800'63f5   0x34  Code  Lc  lps22hb.o [1]
LPS22HB_P_Drv           0x2000'0050    0xc  Data  Gb  lps22hb.o [1]
LPS22HB_P_Init           0x800'6381    0x2  Code  Gb  lps22hb.o [1]
LPS22HB_P_ReadID         0x800'6383   0x14  Code  Gb  lps22hb.o [1]
LPS22HB_P_ReadPressure   0x800'6399   0x56  Code  Gb  lps22hb.o [1]
LSM6DSL_AccDeInit        0x800'5b99   0x12  Code  Gb  lsm6dsl.o [1]
LSM6DSL_AccInit          0x800'5b85   0x14  Code  Gb  lsm6dsl.o [1]
LSM6DSL_AccLowPower      0x800'5baf   0x1e  Code  Gb  lsm6dsl.o [1]
LSM6DSL_AccReadID        0x800'5bab    0x4  Code  Gb  lsm6dsl.o [1]
LSM6DSL_AccReadXYZ       0x800'5bcd   0x62  Code  Gb  lsm6dsl.o [1]
LSM6DSL_GyroDeInit       0x800'5c63   0x14  Code  Gb  lsm6dsl.o [1]
LSM6DSL_GyroInit         0x800'5c2f   0x14  Code  Gb  lsm6dsl.o [1]
LSM6DSL_GyroLowPower     0x800'5c89   0x1e  Code  Gb  lsm6dsl.o [1]
LSM6DSL_GyroReadID       0x800'5c77    0x2  Code  Gb  lsm6dsl.o [1]
LSM6DSL_GyroReadXYZAngRate
                         0x800'5ca9   0x60  Code  Gb  lsm6dsl.o [1]
Lis3mdlMagDrv           0x2000'001c   0x34  Data  Gb  lis3mdl.o [1]
LoadInt                  0x800'0337   0x7a  Code  Lc  xprintffull_nomb.o [2]
Lsm6dslAccDrv           0x2000'005c   0x34  Data  Gb  lsm6dsl.o [1]
Lsm6dslGyroDrv          0x2000'0090   0x34  Data  Gb  lsm6dsl.o [1]
MSIRangeTable            0x800'6560   0x30  Data  Gb  system_stm32l4xx.o [1]
MX_DFSDM1_Init           0x800'2da9   0x3e  Code  Gb  dfsdm.o [1]
MX_GPIO_Init             0x800'2b19  0x220  Code  Gb  gpio.o [1]
MX_I2C2_Init             0x800'2e79   0x4c  Code  Gb  i2c.o [1]
MX_QUADSPI_Init          0x800'2f89   0x2e  Code  Gb  quadspi.o [1]
MX_RTC_Init              0x800'330d   0x2c  Code  Gb  rtc.o [1]
MX_SPI3_Init             0x800'3025   0x44  Code  Gb  spi.o [1]
MX_USART1_UART_Init      0x800'30d9   0x10  Code  Gb  usart.o [1]
MX_USART3_UART_Init      0x800'30e9   0x10  Code  Gb  usart.o [1]
MX_USB_OTG_FS_PCD_Init   0x800'31fd   0x2a  Code  Gb  usb_otg.o [1]
MagnetoDrv              0x2000'1a38    0x4  Data  Lc  stm32l475e_iot01_magneto.o [1]
MemManage_Handler        0x800'642d    0x2  Code  Gb  stm32l4xx_it.o [1]
NMI_Handler              0x800'6429    0x2  Code  Gb  stm32l4xx_it.o [1]
PendSV_Handler           0x800'6437    0x2  Code  Gb  stm32l4xx_it.o [1]
Psensor_drv             0x2000'1a3c    0x4  Data  Lc  stm32l475e_iot01_psensor.o [1]
QSPI_WaitFlagStateUntilTimeout
                         0x800'54a5   0x4a  Code  Lc  stm32l4xx_hal_qspi.o [1]
RCCEx_PLLSAI1_Config     0x800'3ee3   0xc8  Code  Lc  stm32l4xx_hal_rcc_ex.o [1]
RCCEx_PLLSAI2_Config     0x800'3fb1   0xac  Code  Lc  stm32l4xx_hal_rcc_ex.o [1]
RCC_SetFlashLatencyFromMSIRange
                         0x800'21cd   0x74  Code  Lc  stm32l4xx_hal_rcc.o [1]
RTC_EnterInitMode        0x800'577b   0x40  Code  Gb  stm32l4xx_hal_rtc.o [1]
RTC_ExitInitMode         0x800'57bb   0x4c  Code  Gb  stm32l4xx_hal_rtc.o [1]
RTC_WKUP_IRQHandler      0x800'643d    0x6  Code  Gb  stm32l4xx_it.o [1]
Region$$Table$$Base      0x800'6630          --   Gb  - Linker created -
Region$$Table$$Limit     0x800'6650          --   Gb  - Linker created -
SENSOR_IO_Init           0x800'38bd    0x4  Code  Gb  stm32l475e_iot01.o [1]
SENSOR_IO_Read           0x800'38d9   0x22  Code  Gb  stm32l475e_iot01.o [1]
SENSOR_IO_ReadMultiple   0x800'38fb    0xc  Code  Gb  stm32l475e_iot01.o [1]
SENSOR_IO_Write          0x800'38c1   0x18  Code  Gb  stm32l475e_iot01.o [1]
SVC_Handler              0x800'6433    0x2  Code  Gb  stm32l4xx_it.o [1]
SysTick_Handler          0x800'6439    0x4  Code  Gb  stm32l4xx_it.o [1]
SystemClock_Config       0x800'25d5   0x8e  Code  Gb  main.o [1]
SystemCoreClock         0x2000'00e4    0x4  Data  Gb  system_stm32l4xx.o [1]
SystemInit               0x800'6651    0xc  Code  Gb  system_stm32l4xx.o [1]
UART_AdvFeatureConfig    0x800'490d   0xc6  Code  Gb  stm32l4xx_hal_uart.o [1]
UART_CheckIdleState      0x800'49d3   0x8a  Code  Gb  stm32l4xx_hal_uart.o [1]
UART_EndRxTransfer       0x800'4af1   0x52  Code  Lc  stm32l4xx_hal_uart.o [1]
UART_SetConfig           0x800'46e9  0x222  Code  Gb  stm32l4xx_hal_uart.o [1]
UART_WaitOnFlagUntilTimeout
                         0x800'4a5d   0x82  Code  Gb  stm32l4xx_hal_uart.o [1]
USB_CoreInit             0x800'5891   0x64  Code  Gb  stm32l4xx_ll_usb.o [1]
USB_DevDisconnect        0x800'5b37   0x16  Code  Gb  stm32l4xx_ll_usb.o [1]
USB_DevInit              0x800'5959  0x14c  Code  Gb  stm32l4xx_ll_usb.o [1]
USB_DisableGlobalInt     0x800'58f5    0x6  Code  Gb  stm32l4xx_ll_usb.o [1]
USB_FlushRxFifo          0x800'5ae7   0x40  Code  Gb  stm32l4xx_ll_usb.o [1]
USB_FlushTxFifo          0x800'5aa5   0x42  Code  Gb  stm32l4xx_ll_usb.o [1]
USB_SetCurrentMode       0x800'5901   0x58  Code  Gb  stm32l4xx_ll_usb.o [1]
USB_SetDevSpeed          0x800'5b27    0xa  Code  Gb  stm32l4xx_ll_usb.o [1]
UsageFault_Handler       0x800'6431    0x2  Code  Gb  stm32l4xx_it.o [1]
_GenldFullNoMb           0x800'0c79  0x274  Code  Lc  xprintffull_nomb.o [2]
_LdtobFullNoMb           0x800'0875  0x3d6  Code  Lc  xprintffull_nomb.o [2]
_LitobFullNoMb           0x800'0725  0x10a  Code  Lc  xprintffull_nomb.o [2]
_Locale_lconv           0x2000'00f0   0x38  Data  Lc  xlocale_c.o [2]
_PrintfFullNoMb          0x800'0189  0x19e  Code  Gb  xprintffull_nomb.o [2]
_Prout                   0x800'66a3   0x16  Code  Gb  xprout.o [2]
_PutcharsFullNoMb        0x800'0eed   0x2e  Code  Lc  xprintffull_nomb.o [2]
_PutfldFullNoMb          0x800'03b1  0x268  Code  Lc  xprintffull_nomb.o [2]
_PuttxtFullNoMb          0x800'0619  0x10c  Code  Lc  xprintffull_nomb.o [2]
_Rand_idx               0x2000'17d4    0x4  Data  Lc  rand.o [2]
_Rand_rv                0x2000'1754   0x80  Data  Lc  rand.o [2]
_Randinit               0x2000'00e8    0x1  Data  Gb  rand.o [2]
_Randseed               0x2000'00ec    0x4  Data  Gb  rand.o [2]
__NVIC_SetPriority       0x800'236d   0x1a  Code  Lc  stm32l4xx_hal_cortex.o [1]
__aeabi_cdcmple          0x800'1449         Code  Gb  DblCmpLe.o [3]
__aeabi_cdrcmple         0x800'1479         Code  Gb  DblCmpGe.o [3]
__aeabi_d2iz             0x800'15e5         Code  Gb  DblToS32.o [3]
__aeabi_d2uiz            0x800'1971         Code  Gb  DblToU32.o [3]
__aeabi_ddiv             0x800'1729         Code  Gb  DblDiv.o [3]
__aeabi_dmul             0x800'121d         Code  Gb  DblMul.o [3]
__aeabi_dsub             0x800'1645         Code  Gb  DblSub.o [3]
__aeabi_f2d              0x800'5815         Code  Gb  FltToDbl.o [3]
__aeabi_i2d              0x800'1621         Code  Gb  S32ToDbl.o [3]
__aeabi_ldiv0            0x800'19c5         Code  Gb  I64DivZer.o [4]
__aeabi_memclr4          0x800'3b81         Code  Gb  ABImemclr4.o [4]
__aeabi_ui2d             0x800'1999         Code  Gb  U32ToDbl.o [3]
__cmain                  0x800'6671         Code  Gb  cmain.o [4]
__exit                   0x800'1b35   0x14  Code  Gb  exit.o [5]
__iar_Fail_s             0x800'1045   0x1c  Code  Gb  xfail_s.o [2]
__iar_Memchr             0x800'10bd         Code  Gb  memchr.o [4]
__iar_Memset4_word       0x800'585d         Code  Gb  ABImemset48.o [4]
__iar_Memset8_word       0x800'585d         Code  Gb  ABImemset48.o [4]
__iar_Stdout            0x2000'0128   0x48  Data  Gb  xfiles.o [2]
__iar_Strchr             0x800'0ff5         Code  Gb  strchr.o [4]
__iar_dadd               0x800'1655         Code  Gb  DblSub.o [3]
__iar_data_init3         0x800'65e5   0x28  Code  Gb  data_init.o [4]
__iar_dsub               0x800'19c9         Code  Gb  DblAdd.o [3]
__iar_dsubStart          0x800'19db         Code  Gb  DblAdd.o [3]
__iar_frexp              0x800'13e5         Code  Gb  frexp.o [3]
__iar_frexpl             0x800'13e5         Code  Gb  frexp.o [3]
__iar_init_vfp           0x800'660d         Code  Gb  fpinit_M.o [3]
__iar_ldexp64            0x800'14a9         Code  Gb  ldexp.o [3]
__iar_lz77_init_single3
                         0x800'0f7b   0x7a  Code  Gb  lz77_init_single.o [4]
__iar_program_start      0x800'66d5         Code  Gb  cstartup_M.o [4]
__iar_scalbln64          0x800'14a9         Code  Gb  ldexp.o [3]
__iar_scalbn64           0x800'14a9         Code  Gb  ldexp.o [3]
__iar_small_Memcpy       0x800'13c5         Code  Gb  ABImemcpy_small.o [4]
__iar_small_memcpy       0x800'13c1         Code  Gb  ABImemcpy_small.o [4]
__iar_small_memcpy4      0x800'13c1         Code  Gb  ABImemcpy_small.o [4]
__iar_small_memcpy8      0x800'13c1         Code  Gb  ABImemcpy_small.o [4]
__iar_small_uldivmod     0x800'1115         Code  Gb  I64DivMod_small.o [4]
__iar_softfp___iar_frexp64
                         0x800'13d9         Code  Gb  frexp.o [3]
__iar_softfp_frexp       0x800'13d9         Code  Gb  frexp.o [3]
__iar_softfp_frexpl      0x800'13d9         Code  Gb  frexp.o [3]
__iar_zero_init3         0x800'100b   0x3a  Code  Gb  zero_init3.o [4]
__low_level_init         0x800'668f    0x4  Code  Gb  low_level_init.o [2]
__vector_table           0x800'0000         Data  Gb  startup_stm32l475xx.o [1]
_call_main               0x800'667d         Code  Gb  cmain.o [4]
_exit                    0x800'6699         Code  Gb  cexit.o [4]
_main                    0x800'668b         Code  Gb  cmain.o [4]
a_dfsdm1ChannelHandle   0x2000'19d8   0x20  Data  Lc  stm32l4xx_hal_dfsdm.o [1]
abort                    0x800'19bd    0x6  Code  Gb  abort.o [2]
accel_alarm             0x2000'0173    0x1  Data  Gb  main.o [1]
accel_fifo              0x2000'0934  0x28c  Data  Gb  main.o [1]
accel_trigger_time      0x2000'0184    0x4  Data  Gb  main.o [1]
alarm_response           0x800'2875  0x104  Code  Gb  main.o [1]
critical_event_count    0x2000'19fc    0x4  Data  Gb  log.o [1]
exit                     0x800'6693    0x4  Code  Gb  exit.o [2]
fputc                    0x800'297d   0x1c  Code  Gb  main.o [1]
get_Acceleration         0x800'4455   0x10  Code  Gb  sensor.o [1]
get_Gyroscope            0x800'4465   0x22  Code  Gb  sensor.o [1]
get_Humidity             0x800'4449    0xc  Code  Gb  sensor.o [1]
get_Magnetometer         0x800'4487    0xe  Code  Gb  sensor.o [1]
get_Pressure             0x800'4415    0xc  Code  Gb  sensor.o [1]
get_Temperature          0x800'4421    0xa  Code  Gb  sensor.o [1]
get_Timestamp            0x800'4411    0x4  Code  Gb  sensor.o [1]
gyro_alarm              0x2000'0174    0x1  Data  Gb  main.o [1]
gyro_fifo               0x2000'0bc0  0x28c  Data  Gb  main.o [1]
gyro_trigger_time       0x2000'0188    0x4  Data  Gb  main.o [1]
hDiscoUart              0x2000'15bc   0x88  Data  Gb  stm32l475e_iot01.o [1]
hI2cHandler             0x2000'1890   0x54  Data  Gb  stm32l475e_iot01.o [1]
hdfsdm1_channel1        0x2000'1978   0x38  Data  Gb  dfsdm.o [1]
hi2c2                   0x2000'183c   0x54  Data  Gb  i2c.o [1]
hpcd_USB_OTG_FS         0x2000'10d8  0x4e4  Data  Gb  usb_otg.o [1]
hqspi                   0x2000'1934   0x44  Data  Gb  quadspi.o [1]
hrtc                    0x2000'19b0   0x24  Data  Gb  rtc.o [1]
hspi3                   0x2000'17d8   0x64  Data  Gb  spi.o [1]
huart1                  0x2000'1644   0x88  Data  Gb  usart.o [1]
huart3                  0x2000'16cc   0x88  Data  Gb  usart.o [1]
humidity_alarm          0x2000'0171    0x1  Data  Gb  main.o [1]
humidity_fifo           0x2000'06a8  0x28c  Data  Gb  main.o [1]
humidity_trigger_time   0x2000'017c    0x4  Data  Gb  main.o [1]
last_humidity_action    0x2000'1a0c    0x4  Data  Gb  actor.o [1]
last_temp_action        0x2000'1a08    0x4  Data  Gb  actor.o [1]
last_vibration_action   0x2000'1a10    0x4  Data  Gb  actor.o [1]
ldexp                    0x800'14a9         Code  Gb  ldexp.o [3]
ldexpl                   0x800'14a9         Code  Gb  ldexp.o [3]
localeconv               0x800'19b5    0x4  Code  Gb  xlocale_c.o [2]
log_average_latency      0x800'3a87   0x16  Code  Gb  log.o [1]
log_missed_percentage    0x800'3a4d   0x3a  Code  Gb  log.o [1]
log_response_delay       0x800'3a25   0x28  Code  Gb  log.o [1]
log_sensor_event         0x800'3a09   0x1c  Code  Gb  log.o [1]
mag_alarm               0x2000'0175    0x1  Data  Gb  main.o [1]
mag_fifo                0x2000'0e4c  0x28c  Data  Gb  main.o [1]
mag_trigger_time        0x2000'018c    0x4  Data  Gb  main.o [1]
main                     0x800'2435  0x198  Code  Gb  main.o [1]
memchr                   0x800'10bd         Code  Gb  memchr.o [4]
missed_updates          0x2000'1a00    0x4  Data  Gb  log.o [1]
obuf                    0x2000'18e4   0x50  Data  Lc  xfiles.o [2]
pDataXYZ                0x2000'1a20    0x8  Data  Gb  sensor.o [1]
pGyroDataXYZ            0x2000'1a14    0xc  Data  Gb  sensor.o [1]
pressure_alarm          0x2000'0172    0x1  Data  Gb  main.o [1]
pressure_fifo           0x2000'0190  0x28c  Data  Gb  main.o [1]
pressure_trigger_time   0x2000'0180    0x4  Data  Gb  main.o [1]
printf                   0x800'3955   0x28  Code  Gb  printf.o [2]
process_control_actions
                         0x800'44e9   0xa8  Code  Gb  actor.o [1]
putchar                  0x800'66b9    0xc  Code  Gb  putchar.o [2]
rand                     0x800'3add   0x94  Code  Gb  rand.o [2]
scalbln                  0x800'14a9         Code  Gb  ldexp.o [3]
scalblnl                 0x800'14a9         Code  Gb  ldexp.o [3]
scalbn                   0x800'14a9         Code  Gb  ldexp.o [3]
scalbnl                  0x800'14a9         Code  Gb  ldexp.o [3]
scale                    0x800'082f   0x46  Code  Lc  xprintffull_nomb.o [2]
sec_hand                0x2000'1a44    0x4  Data  Lc  xfail_s.o [2]
strchr                   0x800'0ff5         Code  Gb  strchr.o [4]
strlen                   0x800'1085         Code  Gb  strlen.o [4]
temp_alarm              0x2000'0170    0x1  Data  Gb  main.o [1]
temp_trigger_time       0x2000'0178    0x4  Data  Gb  main.o [1]
temperature_fifo        0x2000'041c  0x28c  Data  Gb  main.o [1]
total_latency           0x2000'19f8    0x4  Data  Gb  log.o [1]
total_sensor_reads      0x2000'1a04    0x4  Data  Gb  log.o [1]
tsensor_drv             0x2000'1a40    0x4  Data  Lc  stm32l475e_iot01_tsensor.o [1]
uwTick                  0x2000'00dc    0x4  Data  Gb  stm32l4xx_hal.o [1]
uwTickFreq              0x2000'00d8    0x1  Data  Gb  stm32l4xx_hal.o [1]
uwTickPrio              0x2000'00e0    0x4  Data  Gb  stm32l4xx_hal.o [1]
v_dfsdm1ChannelCounter  0x2000'19d4    0x4  Data  Lc  stm32l4xx_hal_dfsdm.o [1]


[1] = D:\stm32_workspace\env_management\EWARM\env_management\Obj
[2] = dl7M_tlf.a
[3] = m7M_tls.a
[4] = rt7M_tl.a
[5] = shb_l.a

  25 510 bytes of readonly  code memory
   1 316 bytes of readonly  data memory
  11 848 bytes of readwrite data memory

Errors: none
Warnings: none
